// Jest Snapshot v1, https://goo.gl/fbAQLP

exports[`renders correctly 1`] = `
<a
  className="button button--primary exploreMore"
  href="/my/link"
>
  my text
</a>
`;
