// Jest Snapshot v1, https://goo.gl/fbAQLP

exports[`renders correctly 1`] = `
<div
  className="socialHeader"
>
  <h1>
    test title
  </h1>
</div>
`;
