// Jest Snapshot v1, https://goo.gl/fbAQLP

exports[`renders correctly 1`] = `
<div
  className="socialFooter"
>
  <p>
    test text
  </p>
  <ArrowLink
    link="http://test-link"
  />
</div>
`;
